[INFO] Scanning for projects...
[INFO] 
[INFO] ----------< com.example:todo-app-hexagonal-arquitecture-demo >----------
[INFO] Building  0.0.1-SNAPSHOT
[INFO]   from pom.xml
[INFO] --------------------------------[ jar ]---------------------------------
[INFO] 
[INFO] >>> spring-boot:4.1.1:run (default-cli) > test-compile @ todo-app-hexagonal-arquitecture-demo >>>
[INFO] 
[INFO] --- resources:3.5.0:resources (default-resources) @ todo-app-hexagonal-arquitecture-demo ---
[INFO] Copying 1 resource from src\main\resources to target\classes
[INFO] Copying 0 resource from src\main\resources to target\classes
[INFO] 
[INFO] --- compiler:3.15.0:compile (default-compile) @ todo-app-hexagonal-arquitecture-demo ---
[INFO] Nothing to compile - all classes are up to date.
[INFO] 
[INFO] --- resources:3.5.0:testResources (default-testResources) @ todo-app-hexagonal-arquitecture-demo ---
[INFO] skip non existing resourceDirectory C:\Users\javig\Desktop\todo-app-hex-arq-demo\todo-app-hexagonal-arquitecture-demo\src\test\resources
[INFO] 
[INFO] --- compiler:3.15.0:testCompile (default-testCompile) @ todo-app-hexagonal-arquitecture-demo ---
[INFO] Nothing to compile - all classes are up to date.
[INFO] 
[INFO] <<< spring-boot:4.1.1:run (default-cli) < test-compile @ todo-app-hexagonal-arquitecture-demo <<<
[INFO] 
[INFO] 
[INFO] --- spring-boot:4.1.1:run (default-cli) @ todo-app-hexagonal-arquitecture-demo ---
[INFO] Attaching agents: []

  .   ____          _            __ _ _
 /\\ / ___'_ __ _ _(_)_ __  __ _ \ \ \ \
( ( )\___ | '_ | '_| | '_ \/ _` | \ \ \ \
 \\/  ___)| |_)| | | | | || (_| |  ) ) ) )
  '  |____| .__|_| |_|_| |_\__, | / / / /
 =========|_|==============|___/=/_/_/_/

 :: Spring Boot ::                (v4.1.1)

2026-09-14T12:59:35.574+02:00  INFO 10056 --- [todo-app-hexagonal-arquitecture-demo] [  restartedMain] oAppHexagonalArquitectureDemoApplication : Starting TodoAppHexagonalArquitectureDemoApplication using Java 25.0.3 with PID 10056 (C:\Users\javig\Desktop\todo-app-hex-arq-demo\todo-app-hexagonal-arquitecture-demo\target\classes started by javig in C:\Users\javig\Desktop\todo-app-hex-arq-demo\todo-app-hexagonal-arquitecture-demo)
2026-09-14T12:59:35.578+02:00  INFO 10056 --- [todo-app-hexagonal-arquitecture-demo] [  restartedMain] oAppHexagonalArquitectureDemoApplication : No active profile set, falling back to 1 default profile: "default"
2026-09-14T12:59:35.621+02:00  INFO 10056 --- [todo-app-hexagonal-arquitecture-demo] [  restartedMain] .e.DevToolsPropertyDefaultsPostProcessor : Devtools property defaults active! Set 'spring.devtools.add-properties' to 'false' to disable
2026-09-14T12:59:35.621+02:00  INFO 10056 --- [todo-app-hexagonal-arquitecture-demo] [  restartedMain] .e.DevToolsPropertyDefaultsPostProcessor : For additional web related logging consider setting the 'logging.level.web' property to 'DEBUG'
2026-09-14T12:59:36.155+02:00  INFO 10056 --- [todo-app-hexagonal-arquitecture-demo] [  restartedMain] .s.d.r.c.RepositoryConfigurationDelegate : Bootstrapping Spring Data JPA repositories in DEFAULT mode.
2026-09-14T12:59:36.205+02:00  INFO 10056 --- [todo-app-hexagonal-arquitecture-demo] [  restartedMain] .s.d.r.c.RepositoryConfigurationDelegate : Finished Spring Data repository scanning in 44 ms. Found 1 JPA repository interface.
2026-09-14T12:59:36.633+02:00  INFO 10056 --- [todo-app-hexagonal-arquitecture-demo] [  restartedMain] o.s.boot.tomcat.TomcatWebServer          : Tomcat initialized with port 8080 (http)
2026-09-14T12:59:36.644+02:00  INFO 10056 --- [todo-app-hexagonal-arquitecture-demo] [  restartedMain] o.apache.catalina.core.StandardService   : Starting service [Tomcat]
2026-09-14T12:59:36.644+02:00  INFO 10056 --- [todo-app-hexagonal-arquitecture-demo] [  restartedMain] o.apache.catalina.core.StandardEngine    : Starting Servlet engine: [Apache Tomcat/11.0.24]
2026-09-14T12:59:36.678+02:00  INFO 10056 --- [todo-app-hexagonal-arquitecture-demo] [  restartedMain] b.w.c.s.WebApplicationContextInitializer : Root WebApplicationContext: initialization completed in 1056 ms
2026-09-14T12:59:36.792+02:00  INFO 10056 --- [todo-app-hexagonal-arquitecture-demo] [  restartedMain] com.zaxxer.hikari.HikariDataSource       : HikariPool-1 - Starting...
2026-09-14T12:59:36.943+02:00  INFO 10056 --- [todo-app-hexagonal-arquitecture-demo] [  restartedMain] com.zaxxer.hikari.pool.HikariPool        : HikariPool-1 - Added connection conn0: url=jdbc:h2:mem:3f0d943e-d299-46b9-8472-18bc895d42c1 user=SA
2026-09-14T12:59:36.944+02:00  INFO 10056 --- [todo-app-hexagonal-arquitecture-demo] [  restartedMain] com.zaxxer.hikari.HikariDataSource       : HikariPool-1 - Start completed.
2026-09-14T12:59:36.971+02:00  INFO 10056 --- [todo-app-hexagonal-arquitecture-demo] [  restartedMain] org.hibernate.orm.jpa                    : HHH008540: Processing PersistenceUnitInfo [name: default]
2026-09-14T12:59:37.009+02:00  INFO 10056 --- [todo-app-hexagonal-arquitecture-demo] [  restartedMain] org.hibernate.orm.core                   : HHH000001: Hibernate ORM core version 7.4.5.Final
2026-09-14T12:59:37.321+02:00  INFO 10056 --- [todo-app-hexagonal-arquitecture-demo] [  restartedMain] o.s.o.j.p.SpringPersistenceUnitInfo      : No LoadTimeWeaver setup: ignoring JPA class transformer
2026-09-14T12:59:37.385+02:00  INFO 10056 --- [todo-app-hexagonal-arquitecture-demo] [  restartedMain] org.hibernate.orm.connections.pooling    : HHH10001005: Database info:
	Database JDBC URL [jdbc:h2:mem:3f0d943e-d299-46b9-8472-18bc895d42c1]
	Database driver: H2 JDBC Driver
	Database dialect: H2Dialect
	Database version: 2.4.240
	Default catalog/schema: 3F0D943E-D299-46B9-8472-18BC895D42C1/PUBLIC
	Autocommit mode: undefined/unknown
	Isolation level: READ_COMMITTED [default READ_COMMITTED]
	JDBC fetch size: 100
	Pool: DataSourceConnectionProvider
	Minimum pool size: undefined/unknown
	Maximum pool size: undefined/unknown
2026-09-14T12:59:38.196+02:00  INFO 10056 --- [todo-app-hexagonal-arquitecture-demo] [  restartedMain] org.hibernate.orm.core                   : HHH000489: No JTA platform available (set 'hibernate.transaction.jta.platform' to enable JTA platform integration)
2026-09-14T12:59:38.258+02:00  INFO 10056 --- [todo-app-hexagonal-arquitecture-demo] [  restartedMain] j.LocalContainerEntityManagerFactoryBean : Initialized JPA EntityManagerFactory for persistence unit 'default'
2026-09-14T12:59:38.358+02:00  INFO 10056 --- [todo-app-hexagonal-arquitecture-demo] [  restartedMain] o.s.d.j.r.query.QueryEnhancerFactories   : Hibernate is in classpath; If applicable, HQL parser will be used.
2026-09-14T12:59:38.600+02:00  WARN 10056 --- [todo-app-hexagonal-arquitecture-demo] [  restartedMain] JpaBaseConfiguration$JpaWebConfiguration : spring.jpa.open-in-view is enabled by default. Therefore, database queries may be performed during view rendering. Explicitly configure spring.jpa.open-in-view to disable this warning
2026-09-14T12:59:39.009+02:00  INFO 10056 --- [todo-app-hexagonal-arquitecture-demo] [  restartedMain] o.s.b.h.a.H2ConsoleAutoConfiguration     : H2 console available at '/h2-console'. Database available at 'jdbc:h2:mem:3f0d943e-d299-46b9-8472-18bc895d42c1'
2026-09-14T12:59:39.082+02:00  INFO 10056 --- [todo-app-hexagonal-arquitecture-demo] [  restartedMain] o.s.boot.tomcat.TomcatWebServer          : Tomcat started on port 8080 (http) with context path '/'
2026-09-14T12:59:39.088+02:00  INFO 10056 --- [todo-app-hexagonal-arquitecture-demo] [  restartedMain] oAppHexagonalArquitectureDemoApplication : Started TodoAppHexagonalArquitectureDemoApplication in 3.832 seconds (process running for 4.237)
2026-09-14T13:00:11.091+02:00  INFO 10056 --- [todo-app-hexagonal-arquitecture-demo] [nio-8080-exec-1] o.a.c.c.C.[Tomcat].[localhost].[/]       : Initializing Spring DispatcherServlet 'dispatcherServlet'
2026-09-14T13:00:11.092+02:00  INFO 10056 --- [todo-app-hexagonal-arquitecture-demo] [nio-8080-exec-1] o.s.web.servlet.DispatcherServlet        : Initializing Servlet 'dispatcherServlet'
2026-09-14T13:00:11.094+02:00  INFO 10056 --- [todo-app-hexagonal-arquitecture-demo] [nio-8080-exec-1] o.s.web.servlet.DispatcherServlet        : Completed initialization in 2 ms
[INFO] ------------------------------------------------------------------------
[INFO] BUILD FAILURE
[INFO] ------------------------------------------------------------------------
[INFO] Total time:  02:57 min
[INFO] Finished at: 2026-09-14T13:02:29+02:00
[INFO] ------------------------------------------------------------------------
[ERROR] Failed to execute goal org.springframework.boot:spring-boot-maven-plugin:4.1.1:run (default-cli) on project todo-app-hexagonal-arquitecture-demo: Process terminated with exit code: -1 -> [Help 1]
[ERROR] 
[ERROR] To see the full stack trace of the errors, re-run Maven with the -e switch.
[ERROR] Re-run Maven using the -X switch to enable full debug logging.
[ERROR] 
[ERROR] For more information about the errors and possible solutions, please read the following articles:
[ERROR] [Help 1] http://cwiki.apache.org/confluence/display/MAVEN/MojoExecutionException

=== Mapper fix re-applied and compiled OK ===
